
> pro-link@0.0.0 build
> tsc -b && vite build

src/components/ui/chart.tsx(106,7): error TS2339: Property 'payload' does not exist on type 'Omit<Omit<Props<ValueType, NameType>, PropertiesReadFromContext> & { active?: boolean | undefined; allowEscapeViewBox?: AllowInDimension | undefined; ... 17 more ...; wrapperStyle?: CSSProperties | undefined; } & ClassAttributes<...> & HTMLAttributes<...> & { ...; }, "ref">'.
src/components/ui/chart.tsx(111,7): error TS2339: Property 'label' does not exist on type 'Omit<Omit<Props<ValueType, NameType>, PropertiesReadFromContext> & { active?: boolean | undefined; allowEscapeViewBox?: AllowInDimension | undefined; ... 17 more ...; wrapperStyle?: CSSProperties | undefined; } & ClassAttributes<...> & HTMLAttributes<...> & { ...; }, "ref">'.
src/components/ui/chart.tsx(163,25): error TS7006: Parameter 'item' implicitly has an 'any' type.
src/components/ui/chart.tsx(163,31): error TS7006: Parameter 'index' implicitly has an 'any' type.
src/components/ui/chart.tsx(233,41): error TS2344: Type '"payload" | "verticalAlign"' does not satisfy the constraint '"string" | "id" | "origin" | "role" | "name" | "type" | "filter" | "fill" | "values" | "suppressHydrationWarning" | "className" | "color" | "height" | "lang" | "max" | "media" | ... 430 more ... | "onBBoxUpdate"'.
  Type '"payload"' is not assignable to type '"string" | "id" | "origin" | "role" | "name" | "type" | "filter" | "fill" | "values" | "suppressHydrationWarning" | "className" | "color" | "height" | "lang" | "max" | "media" | ... 430 more ... | "onBBoxUpdate"'.
src/components/ui/chart.tsx(240,17): error TS2339: Property 'length' does not exist on type '{}'.
src/components/ui/chart.tsx(249,16): error TS2339: Property 'map' does not exist on type '{}'.
src/components/ui/chart.tsx(249,21): error TS7006: Parameter 'item' implicitly has an 'any' type.
src/components/ui/form.tsx(4,22): error TS1484: 'ControllerProps' is a type and must be imported using a type-only import when 'verbatimModuleSyntax' is enabled.
src/components/ui/form.tsx(4,39): error TS1484: 'FieldPath' is a type and must be imported using a type-only import when 'verbatimModuleSyntax' is enabled.
src/components/ui/form.tsx(4,50): error TS1484: 'FieldValues' is a type and must be imported using a type-only import when 'verbatimModuleSyntax' is enabled.
src/components/ui/pagination.tsx(5,10): error TS1484: 'ButtonProps' is a type and must be imported using a type-only import when 'verbatimModuleSyntax' is enabled.
src/components/ui/resizable.tsx(2,37): error TS2307: Cannot find module 'react-resizable-panels' or its corresponding type declarations.
src/components/ui/sidebar.tsx(3,10): error TS1484: 'VariantProps' is a type and must be imported using a type-only import when 'verbatimModuleSyntax' is enabled.
src/pages/Home.tsx(1,56): error TS6133: 'Truck' is declared but its value is never read.
